------------------------------------------------------------
TimeQuest Timing Analyzer Summary
------------------------------------------------------------

Type  : Slow 1200mV 85C Model Setup 'states:data|PS.F_N'
Slack : -6.462
TNS   : -62.927

Type  : Slow 1200mV 85C Model Setup 'states:data|PS.S'
Slack : -6.399
TNS   : -86.738

Type  : Slow 1200mV 85C Model Setup 'states:data|PS.I'
Slack : -6.015
TNS   : -33.329

Type  : Slow 1200mV 85C Model Setup 'states:data|PS.F_T'
Slack : -5.814
TNS   : -48.181

Type  : Slow 1200mV 85C Model Setup 'CLOCK_50'
Slack : -4.038
TNS   : -363.199

Type  : Slow 1200mV 85C Model Hold 'states:data|PS.S'
Slack : 0.203
TNS   : 0.000

Type  : Slow 1200mV 85C Model Hold 'CLOCK_50'
Slack : 0.390
TNS   : 0.000

Type  : Slow 1200mV 85C Model Hold 'states:data|PS.I'
Slack : 0.500
TNS   : 0.000

Type  : Slow 1200mV 85C Model Hold 'states:data|PS.F_N'
Slack : 0.514
TNS   : 0.000

Type  : Slow 1200mV 85C Model Hold 'states:data|PS.F_T'
Slack : 0.661
TNS   : 0.000

Type  : Slow 1200mV 85C Model Minimum Pulse Width 'CLOCK_50'
Slack : -3.000
TNS   : -144.350

Type  : Slow 1200mV 85C Model Minimum Pulse Width 'states:data|PS.I'
Slack : 0.316
TNS   : 0.000

Type  : Slow 1200mV 85C Model Minimum Pulse Width 'states:data|PS.F_N'
Slack : 0.373
TNS   : 0.000

Type  : Slow 1200mV 85C Model Minimum Pulse Width 'states:data|PS.F_T'
Slack : 0.376
TNS   : 0.000

Type  : Slow 1200mV 85C Model Minimum Pulse Width 'states:data|PS.S'
Slack : 0.394
TNS   : 0.000

Type  : Slow 1200mV 0C Model Setup 'states:data|PS.F_N'
Slack : -6.102
TNS   : -58.240

Type  : Slow 1200mV 0C Model Setup 'states:data|PS.S'
Slack : -5.884
TNS   : -80.116

Type  : Slow 1200mV 0C Model Setup 'states:data|PS.F_T'
Slack : -5.462
TNS   : -44.097

Type  : Slow 1200mV 0C Model Setup 'states:data|PS.I'
Slack : -5.392
TNS   : -30.240

Type  : Slow 1200mV 0C Model Setup 'CLOCK_50'
Slack : -3.630
TNS   : -324.079

Type  : Slow 1200mV 0C Model Hold 'states:data|PS.S'
Slack : 0.132
TNS   : 0.000

Type  : Slow 1200mV 0C Model Hold 'CLOCK_50'
Slack : 0.349
TNS   : 0.000

Type  : Slow 1200mV 0C Model Hold 'states:data|PS.I'
Slack : 0.468
TNS   : 0.000

Type  : Slow 1200mV 0C Model Hold 'states:data|PS.F_N'
Slack : 0.573
TNS   : 0.000

Type  : Slow 1200mV 0C Model Hold 'states:data|PS.F_T'
Slack : 0.709
TNS   : 0.000

Type  : Slow 1200mV 0C Model Minimum Pulse Width 'CLOCK_50'
Slack : -3.000
TNS   : -144.350

Type  : Slow 1200mV 0C Model Minimum Pulse Width 'states:data|PS.F_N'
Slack : 0.301
TNS   : 0.000

Type  : Slow 1200mV 0C Model Minimum Pulse Width 'states:data|PS.F_T'
Slack : 0.316
TNS   : 0.000

Type  : Slow 1200mV 0C Model Minimum Pulse Width 'states:data|PS.I'
Slack : 0.339
TNS   : 0.000

Type  : Slow 1200mV 0C Model Minimum Pulse Width 'states:data|PS.S'
Slack : 0.340
TNS   : 0.000

Type  : Fast 1200mV 0C Model Setup 'states:data|PS.F_N'
Slack : -3.309
TNS   : -26.820

Type  : Fast 1200mV 0C Model Setup 'states:data|PS.S'
Slack : -3.034
TNS   : -39.537

Type  : Fast 1200mV 0C Model Setup 'states:data|PS.I'
Slack : -2.710
TNS   : -15.021

Type  : Fast 1200mV 0C Model Setup 'states:data|PS.F_T'
Slack : -2.703
TNS   : -19.970

Type  : Fast 1200mV 0C Model Setup 'CLOCK_50'
Slack : -1.779
TNS   : -122.344

Type  : Fast 1200mV 0C Model Hold 'CLOCK_50'
Slack : 0.180
TNS   : 0.000

Type  : Fast 1200mV 0C Model Hold 'states:data|PS.S'
Slack : 0.180
TNS   : 0.000

Type  : Fast 1200mV 0C Model Hold 'states:data|PS.F_N'
Slack : 0.208
TNS   : 0.000

Type  : Fast 1200mV 0C Model Hold 'states:data|PS.I'
Slack : 0.267
TNS   : 0.000

Type  : Fast 1200mV 0C Model Hold 'states:data|PS.F_T'
Slack : 0.277
TNS   : 0.000

Type  : Fast 1200mV 0C Model Minimum Pulse Width 'CLOCK_50'
Slack : -3.000
TNS   : -120.540

Type  : Fast 1200mV 0C Model Minimum Pulse Width 'states:data|PS.F_N'
Slack : 0.357
TNS   : 0.000

Type  : Fast 1200mV 0C Model Minimum Pulse Width 'states:data|PS.I'
Slack : 0.357
TNS   : 0.000

Type  : Fast 1200mV 0C Model Minimum Pulse Width 'states:data|PS.S'
Slack : 0.374
TNS   : 0.000

Type  : Fast 1200mV 0C Model Minimum Pulse Width 'states:data|PS.F_T'
Slack : 0.406
TNS   : 0.000

------------------------------------------------------------
