------------------------------------------------------------
TimeQuest Timing Analyzer Summary
------------------------------------------------------------

Type  : Slow 1200mV 85C Model Setup 'states:data|PS.S'
Slack : -6.373
TNS   : -73.746

Type  : Slow 1200mV 85C Model Setup 'debouncer:key0|s_pulsedOut'
Slack : -5.539
TNS   : -22.225

Type  : Slow 1200mV 85C Model Setup 'states:data|PS.F_N'
Slack : -4.777
TNS   : -24.625

Type  : Slow 1200mV 85C Model Setup 'states:data|PS.F_T'
Slack : -4.695
TNS   : -13.786

Type  : Slow 1200mV 85C Model Setup 'states:data|PS.SB'
Slack : -4.477
TNS   : -40.048

Type  : Slow 1200mV 85C Model Setup 'CLOCK_50'
Slack : -4.156
TNS   : -358.658

Type  : Slow 1200mV 85C Model Hold 'CLOCK_50'
Slack : -0.301
TNS   : -0.301

Type  : Slow 1200mV 85C Model Hold 'states:data|PS.S'
Slack : -0.044
TNS   : -0.044

Type  : Slow 1200mV 85C Model Hold 'debouncer:key0|s_pulsedOut'
Slack : 0.071
TNS   : 0.000

Type  : Slow 1200mV 85C Model Hold 'states:data|PS.F_N'
Slack : 0.407
TNS   : 0.000

Type  : Slow 1200mV 85C Model Hold 'states:data|PS.F_T'
Slack : 0.818
TNS   : 0.000

Type  : Slow 1200mV 85C Model Hold 'states:data|PS.SB'
Slack : 1.209
TNS   : 0.000

Type  : Slow 1200mV 85C Model Minimum Pulse Width 'CLOCK_50'
Slack : -3.000
TNS   : -144.350

Type  : Slow 1200mV 85C Model Minimum Pulse Width 'states:data|PS.SB'
Slack : 0.328
TNS   : 0.000

Type  : Slow 1200mV 85C Model Minimum Pulse Width 'states:data|PS.F_T'
Slack : 0.342
TNS   : 0.000

Type  : Slow 1200mV 85C Model Minimum Pulse Width 'states:data|PS.S'
Slack : 0.363
TNS   : 0.000

Type  : Slow 1200mV 85C Model Minimum Pulse Width 'states:data|PS.F_N'
Slack : 0.382
TNS   : 0.000

Type  : Slow 1200mV 85C Model Minimum Pulse Width 'debouncer:key0|s_pulsedOut'
Slack : 0.392
TNS   : 0.000

Type  : Slow 1200mV 0C Model Setup 'states:data|PS.S'
Slack : -5.746
TNS   : -67.590

Type  : Slow 1200mV 0C Model Setup 'debouncer:key0|s_pulsedOut'
Slack : -5.061
TNS   : -21.294

Type  : Slow 1200mV 0C Model Setup 'states:data|PS.F_N'
Slack : -4.413
TNS   : -23.227

Type  : Slow 1200mV 0C Model Setup 'states:data|PS.F_T'
Slack : -4.354
TNS   : -12.745

Type  : Slow 1200mV 0C Model Setup 'states:data|PS.SB'
Slack : -4.323
TNS   : -37.293

Type  : Slow 1200mV 0C Model Setup 'CLOCK_50'
Slack : -3.739
TNS   : -319.565

Type  : Slow 1200mV 0C Model Hold 'CLOCK_50'
Slack : -0.358
TNS   : -0.358

Type  : Slow 1200mV 0C Model Hold 'states:data|PS.S'
Slack : -0.055
TNS   : -0.055

Type  : Slow 1200mV 0C Model Hold 'debouncer:key0|s_pulsedOut'
Slack : 0.058
TNS   : 0.000

Type  : Slow 1200mV 0C Model Hold 'states:data|PS.F_N'
Slack : 0.355
TNS   : 0.000

Type  : Slow 1200mV 0C Model Hold 'states:data|PS.F_T'
Slack : 0.680
TNS   : 0.000

Type  : Slow 1200mV 0C Model Hold 'states:data|PS.SB'
Slack : 1.180
TNS   : 0.000

Type  : Slow 1200mV 0C Model Minimum Pulse Width 'CLOCK_50'
Slack : -3.000
TNS   : -144.350

Type  : Slow 1200mV 0C Model Minimum Pulse Width 'states:data|PS.SB'
Slack : 0.234
TNS   : 0.000

Type  : Slow 1200mV 0C Model Minimum Pulse Width 'states:data|PS.F_T'
Slack : 0.264
TNS   : 0.000

Type  : Slow 1200mV 0C Model Minimum Pulse Width 'states:data|PS.F_N'
Slack : 0.277
TNS   : 0.000

Type  : Slow 1200mV 0C Model Minimum Pulse Width 'states:data|PS.S'
Slack : 0.296
TNS   : 0.000

Type  : Slow 1200mV 0C Model Minimum Pulse Width 'debouncer:key0|s_pulsedOut'
Slack : 0.373
TNS   : 0.000

Type  : Fast 1200mV 0C Model Setup 'states:data|PS.S'
Slack : -3.041
TNS   : -31.195

Type  : Fast 1200mV 0C Model Setup 'debouncer:key0|s_pulsedOut'
Slack : -2.617
TNS   : -9.621

Type  : Fast 1200mV 0C Model Setup 'states:data|PS.F_N'
Slack : -2.084
TNS   : -10.190

Type  : Fast 1200mV 0C Model Setup 'states:data|PS.SB'
Slack : -2.082
TNS   : -15.753

Type  : Fast 1200mV 0C Model Setup 'states:data|PS.F_T'
Slack : -2.023
TNS   : -5.556

Type  : Fast 1200mV 0C Model Setup 'CLOCK_50'
Slack : -1.809
TNS   : -121.010

Type  : Fast 1200mV 0C Model Hold 'CLOCK_50'
Slack : -0.236
TNS   : -0.236

Type  : Fast 1200mV 0C Model Hold 'states:data|PS.S'
Slack : 0.073
TNS   : 0.000

Type  : Fast 1200mV 0C Model Hold 'debouncer:key0|s_pulsedOut'
Slack : 0.221
TNS   : 0.000

Type  : Fast 1200mV 0C Model Hold 'states:data|PS.F_N'
Slack : 0.263
TNS   : 0.000

Type  : Fast 1200mV 0C Model Hold 'states:data|PS.SB'
Slack : 0.547
TNS   : 0.000

Type  : Fast 1200mV 0C Model Hold 'states:data|PS.F_T'
Slack : 0.687
TNS   : 0.000

Type  : Fast 1200mV 0C Model Minimum Pulse Width 'CLOCK_50'
Slack : -3.000
TNS   : -120.245

Type  : Fast 1200mV 0C Model Minimum Pulse Width 'states:data|PS.F_N'
Slack : 0.218
TNS   : 0.000

Type  : Fast 1200mV 0C Model Minimum Pulse Width 'states:data|PS.F_T'
Slack : 0.225
TNS   : 0.000

Type  : Fast 1200mV 0C Model Minimum Pulse Width 'states:data|PS.S'
Slack : 0.318
TNS   : 0.000

Type  : Fast 1200mV 0C Model Minimum Pulse Width 'states:data|PS.SB'
Slack : 0.321
TNS   : 0.000

Type  : Fast 1200mV 0C Model Minimum Pulse Width 'debouncer:key0|s_pulsedOut'
Slack : 0.357
TNS   : 0.000

------------------------------------------------------------
