------------------------------------------------------------
TimeQuest Timing Analyzer Summary
------------------------------------------------------------

Type  : Slow 1200mV 85C Model Setup 'states:data|PS.S'
Slack : -6.706
TNS   : -95.114

Type  : Slow 1200mV 85C Model Setup 'states:data|PS.SB'
Slack : -6.203
TNS   : -94.920

Type  : Slow 1200mV 85C Model Setup 'states:data|PS.F_N'
Slack : -5.080
TNS   : -56.706

Type  : Slow 1200mV 85C Model Setup 'states:data|PS.F_T'
Slack : -4.968
TNS   : -45.354

Type  : Slow 1200mV 85C Model Setup 'states:data|PS.I'
Slack : -4.241
TNS   : -21.757

Type  : Slow 1200mV 85C Model Setup 'CLOCK_50'
Slack : -3.875
TNS   : -345.387

Type  : Slow 1200mV 85C Model Hold 'CLOCK_50'
Slack : -0.019
TNS   : -0.019

Type  : Slow 1200mV 85C Model Hold 'states:data|PS.F_N'
Slack : 0.110
TNS   : 0.000

Type  : Slow 1200mV 85C Model Hold 'states:data|PS.I'
Slack : 0.579
TNS   : 0.000

Type  : Slow 1200mV 85C Model Hold 'states:data|PS.F_T'
Slack : 0.786
TNS   : 0.000

Type  : Slow 1200mV 85C Model Hold 'states:data|PS.SB'
Slack : 0.824
TNS   : 0.000

Type  : Slow 1200mV 85C Model Hold 'states:data|PS.S'
Slack : 0.957
TNS   : 0.000

Type  : Slow 1200mV 85C Model Minimum Pulse Width 'CLOCK_50'
Slack : -3.000
TNS   : -144.350

Type  : Slow 1200mV 85C Model Minimum Pulse Width 'states:data|PS.F_N'
Slack : 0.306
TNS   : 0.000

Type  : Slow 1200mV 85C Model Minimum Pulse Width 'states:data|PS.F_T'
Slack : 0.319
TNS   : 0.000

Type  : Slow 1200mV 85C Model Minimum Pulse Width 'states:data|PS.S'
Slack : 0.365
TNS   : 0.000

Type  : Slow 1200mV 85C Model Minimum Pulse Width 'states:data|PS.SB'
Slack : 0.402
TNS   : 0.000

Type  : Slow 1200mV 85C Model Minimum Pulse Width 'states:data|PS.I'
Slack : 0.425
TNS   : 0.000

Type  : Slow 1200mV 0C Model Setup 'states:data|PS.S'
Slack : -6.176
TNS   : -87.240

Type  : Slow 1200mV 0C Model Setup 'states:data|PS.SB'
Slack : -5.731
TNS   : -86.981

Type  : Slow 1200mV 0C Model Setup 'states:data|PS.F_N'
Slack : -4.468
TNS   : -51.862

Type  : Slow 1200mV 0C Model Setup 'states:data|PS.F_T'
Slack : -4.366
TNS   : -41.115

Type  : Slow 1200mV 0C Model Setup 'states:data|PS.I'
Slack : -3.811
TNS   : -19.324

Type  : Slow 1200mV 0C Model Setup 'CLOCK_50'
Slack : -3.471
TNS   : -306.690

Type  : Slow 1200mV 0C Model Hold 'CLOCK_50'
Slack : -0.112
TNS   : -0.112

Type  : Slow 1200mV 0C Model Hold 'states:data|PS.F_N'
Slack : 0.090
TNS   : 0.000

Type  : Slow 1200mV 0C Model Hold 'states:data|PS.I'
Slack : 0.566
TNS   : 0.000

Type  : Slow 1200mV 0C Model Hold 'states:data|PS.S'
Slack : 0.836
TNS   : 0.000

Type  : Slow 1200mV 0C Model Hold 'states:data|PS.F_T'
Slack : 0.839
TNS   : 0.000

Type  : Slow 1200mV 0C Model Hold 'states:data|PS.SB'
Slack : 0.846
TNS   : 0.000

Type  : Slow 1200mV 0C Model Minimum Pulse Width 'CLOCK_50'
Slack : -3.000
TNS   : -144.350

Type  : Slow 1200mV 0C Model Minimum Pulse Width 'states:data|PS.F_N'
Slack : 0.214
TNS   : 0.000

Type  : Slow 1200mV 0C Model Minimum Pulse Width 'states:data|PS.F_T'
Slack : 0.222
TNS   : 0.000

Type  : Slow 1200mV 0C Model Minimum Pulse Width 'states:data|PS.S'
Slack : 0.317
TNS   : 0.000

Type  : Slow 1200mV 0C Model Minimum Pulse Width 'states:data|PS.SB'
Slack : 0.368
TNS   : 0.000

Type  : Slow 1200mV 0C Model Minimum Pulse Width 'states:data|PS.I'
Slack : 0.418
TNS   : 0.000

Type  : Fast 1200mV 0C Model Setup 'states:data|PS.S'
Slack : -2.978
TNS   : -42.390

Type  : Fast 1200mV 0C Model Setup 'states:data|PS.SB'
Slack : -2.703
TNS   : -40.051

Type  : Fast 1200mV 0C Model Setup 'states:data|PS.F_N'
Slack : -1.967
TNS   : -22.729

Type  : Fast 1200mV 0C Model Setup 'states:data|PS.F_T'
Slack : -1.919
TNS   : -18.355

Type  : Fast 1200mV 0C Model Setup 'states:data|PS.I'
Slack : -1.816
TNS   : -7.733

Type  : Fast 1200mV 0C Model Setup 'CLOCK_50'
Slack : -1.369
TNS   : -114.469

Type  : Fast 1200mV 0C Model Hold 'CLOCK_50'
Slack : -0.054
TNS   : -0.055

Type  : Fast 1200mV 0C Model Hold 'states:data|PS.I'
Slack : 0.173
TNS   : 0.000

Type  : Fast 1200mV 0C Model Hold 'states:data|PS.F_N'
Slack : 0.220
TNS   : 0.000

Type  : Fast 1200mV 0C Model Hold 'states:data|PS.SB'
Slack : 0.245
TNS   : 0.000

Type  : Fast 1200mV 0C Model Hold 'states:data|PS.F_T'
Slack : 0.304
TNS   : 0.000

Type  : Fast 1200mV 0C Model Hold 'states:data|PS.S'
Slack : 0.432
TNS   : 0.000

Type  : Fast 1200mV 0C Model Minimum Pulse Width 'CLOCK_50'
Slack : -3.000
TNS   : -120.241

Type  : Fast 1200mV 0C Model Minimum Pulse Width 'states:data|PS.SB'
Slack : 0.309
TNS   : 0.000

Type  : Fast 1200mV 0C Model Minimum Pulse Width 'states:data|PS.F_N'
Slack : 0.316
TNS   : 0.000

Type  : Fast 1200mV 0C Model Minimum Pulse Width 'states:data|PS.S'
Slack : 0.358
TNS   : 0.000

Type  : Fast 1200mV 0C Model Minimum Pulse Width 'states:data|PS.I'
Slack : 0.390
TNS   : 0.000

Type  : Fast 1200mV 0C Model Minimum Pulse Width 'states:data|PS.F_T'
Slack : 0.408
TNS   : 0.000

------------------------------------------------------------
