------------------------------------------------------------
TimeQuest Timing Analyzer Summary
------------------------------------------------------------

Type  : Slow 1200mV 85C Model Setup 'CLOCK_50'
Slack : -14.629
TNS   : -1227.629

Type  : Slow 1200mV 85C Model Setup 'limite_troco:limite_troco|s_freeze'
Slack : -4.213
TNS   : -4.213

Type  : Slow 1200mV 85C Model Hold 'CLOCK_50'
Slack : 0.144
TNS   : 0.000

Type  : Slow 1200mV 85C Model Hold 'limite_troco:limite_troco|s_freeze'
Slack : 0.748
TNS   : 0.000

Type  : Slow 1200mV 85C Model Minimum Pulse Width 'CLOCK_50'
Slack : -3.000
TNS   : -263.855

Type  : Slow 1200mV 85C Model Minimum Pulse Width 'limite_troco:limite_troco|s_freeze'
Slack : 0.420
TNS   : 0.000

Type  : Slow 1200mV 0C Model Setup 'CLOCK_50'
Slack : -13.067
TNS   : -1098.686

Type  : Slow 1200mV 0C Model Setup 'limite_troco:limite_troco|s_freeze'
Slack : -3.721
TNS   : -3.721

Type  : Slow 1200mV 0C Model Hold 'CLOCK_50'
Slack : 0.119
TNS   : 0.000

Type  : Slow 1200mV 0C Model Hold 'limite_troco:limite_troco|s_freeze'
Slack : 0.693
TNS   : 0.000

Type  : Slow 1200mV 0C Model Minimum Pulse Width 'CLOCK_50'
Slack : -3.000
TNS   : -263.855

Type  : Slow 1200mV 0C Model Minimum Pulse Width 'limite_troco:limite_troco|s_freeze'
Slack : 0.429
TNS   : 0.000

Type  : Fast 1200mV 0C Model Setup 'CLOCK_50'
Slack : -6.553
TNS   : -500.398

Type  : Fast 1200mV 0C Model Setup 'limite_troco:limite_troco|s_freeze'
Slack : -1.762
TNS   : -1.762

Type  : Fast 1200mV 0C Model Hold 'CLOCK_50'
Slack : -0.083
TNS   : -0.083

Type  : Fast 1200mV 0C Model Hold 'limite_troco:limite_troco|s_freeze'
Slack : 0.341
TNS   : 0.000

Type  : Fast 1200mV 0C Model Minimum Pulse Width 'CLOCK_50'
Slack : -3.000
TNS   : -219.182

Type  : Fast 1200mV 0C Model Minimum Pulse Width 'limite_troco:limite_troco|s_freeze'
Slack : 0.459
TNS   : 0.000

------------------------------------------------------------
