------------------------------------------------------------
TimeQuest Timing Analyzer Summary
------------------------------------------------------------

Type  : Slow 1200mV 85C Model Setup 'states:data|PS.F_N'
Slack : -9.396
TNS   : -83.009

Type  : Slow 1200mV 85C Model Setup 'states:data|PS.S'
Slack : -9.070
TNS   : -269.030

Type  : Slow 1200mV 85C Model Setup 'states:data|s_clock[0]'
Slack : -5.553
TNS   : -146.274

Type  : Slow 1200mV 85C Model Setup 'CLOCK_50'
Slack : -5.312
TNS   : -355.742

Type  : Slow 1200mV 85C Model Setup 'states:data|PS.I'
Slack : -4.196
TNS   : -19.899

Type  : Slow 1200mV 85C Model Hold 'states:data|s_clock[0]'
Slack : -0.808
TNS   : -11.745

Type  : Slow 1200mV 85C Model Hold 'states:data|PS.S'
Slack : 0.051
TNS   : 0.000

Type  : Slow 1200mV 85C Model Hold 'CLOCK_50'
Slack : 0.392
TNS   : 0.000

Type  : Slow 1200mV 85C Model Hold 'states:data|PS.F_N'
Slack : 0.712
TNS   : 0.000

Type  : Slow 1200mV 85C Model Hold 'states:data|PS.I'
Slack : 0.857
TNS   : 0.000

Type  : Slow 1200mV 85C Model Minimum Pulse Width 'CLOCK_50'
Slack : -3.000
TNS   : -143.065

Type  : Slow 1200mV 85C Model Minimum Pulse Width 'states:data|PS.F_N'
Slack : 0.365
TNS   : 0.000

Type  : Slow 1200mV 85C Model Minimum Pulse Width 'states:data|PS.S'
Slack : 0.384
TNS   : 0.000

Type  : Slow 1200mV 85C Model Minimum Pulse Width 'states:data|s_clock[0]'
Slack : 0.384
TNS   : 0.000

Type  : Slow 1200mV 85C Model Minimum Pulse Width 'states:data|PS.I'
Slack : 0.407
TNS   : 0.000

Type  : Slow 1200mV 0C Model Setup 'states:data|PS.F_N'
Slack : -8.728
TNS   : -75.704

Type  : Slow 1200mV 0C Model Setup 'states:data|PS.S'
Slack : -8.428
TNS   : -244.276

Type  : Slow 1200mV 0C Model Setup 'states:data|s_clock[0]'
Slack : -5.272
TNS   : -130.885

Type  : Slow 1200mV 0C Model Setup 'CLOCK_50'
Slack : -4.631
TNS   : -316.057

Type  : Slow 1200mV 0C Model Setup 'states:data|PS.I'
Slack : -3.718
TNS   : -17.588

Type  : Slow 1200mV 0C Model Hold 'states:data|s_clock[0]'
Slack : -0.843
TNS   : -12.802

Type  : Slow 1200mV 0C Model Hold 'states:data|PS.S'
Slack : 0.003
TNS   : 0.000

Type  : Slow 1200mV 0C Model Hold 'CLOCK_50'
Slack : 0.351
TNS   : 0.000

Type  : Slow 1200mV 0C Model Hold 'states:data|PS.I'
Slack : 0.707
TNS   : 0.000

Type  : Slow 1200mV 0C Model Hold 'states:data|PS.F_N'
Slack : 0.723
TNS   : 0.000

Type  : Slow 1200mV 0C Model Minimum Pulse Width 'CLOCK_50'
Slack : -3.000
TNS   : -143.065

Type  : Slow 1200mV 0C Model Minimum Pulse Width 'states:data|s_clock[0]'
Slack : 0.323
TNS   : 0.000

Type  : Slow 1200mV 0C Model Minimum Pulse Width 'states:data|PS.F_N'
Slack : 0.357
TNS   : 0.000

Type  : Slow 1200mV 0C Model Minimum Pulse Width 'states:data|PS.S'
Slack : 0.394
TNS   : 0.000

Type  : Slow 1200mV 0C Model Minimum Pulse Width 'states:data|PS.I'
Slack : 0.395
TNS   : 0.000

Type  : Fast 1200mV 0C Model Setup 'states:data|PS.F_N'
Slack : -4.519
TNS   : -37.103

Type  : Fast 1200mV 0C Model Setup 'states:data|PS.S'
Slack : -4.365
TNS   : -110.188

Type  : Fast 1200mV 0C Model Setup 'states:data|s_clock[0]'
Slack : -2.569
TNS   : -55.602

Type  : Fast 1200mV 0C Model Setup 'CLOCK_50'
Slack : -2.218
TNS   : -119.061

Type  : Fast 1200mV 0C Model Setup 'states:data|PS.I'
Slack : -1.850
TNS   : -8.926

Type  : Fast 1200mV 0C Model Hold 'states:data|s_clock[0]'
Slack : -0.327
TNS   : -4.480

Type  : Fast 1200mV 0C Model Hold 'states:data|PS.S'
Slack : -0.029
TNS   : -0.029

Type  : Fast 1200mV 0C Model Hold 'CLOCK_50'
Slack : 0.181
TNS   : 0.000

Type  : Fast 1200mV 0C Model Hold 'states:data|PS.F_N'
Slack : 0.269
TNS   : 0.000

Type  : Fast 1200mV 0C Model Hold 'states:data|PS.I'
Slack : 0.424
TNS   : 0.000

Type  : Fast 1200mV 0C Model Minimum Pulse Width 'CLOCK_50'
Slack : -3.000
TNS   : -119.554

Type  : Fast 1200mV 0C Model Minimum Pulse Width 'states:data|s_clock[0]'
Slack : 0.253
TNS   : 0.000

Type  : Fast 1200mV 0C Model Minimum Pulse Width 'states:data|PS.S'
Slack : 0.321
TNS   : 0.000

Type  : Fast 1200mV 0C Model Minimum Pulse Width 'states:data|PS.I'
Slack : 0.368
TNS   : 0.000

Type  : Fast 1200mV 0C Model Minimum Pulse Width 'states:data|PS.F_N'
Slack : 0.385
TNS   : 0.000

------------------------------------------------------------
